\Tree [.program [.nextLine [.nextLinePrime [.statement
	[.expression [.assignmentExpression
		[.variableDeclaration
			[.Boolean ]
			[.bool ]
		]
		[.= ]
		[.sumExpression [.multiplyExpression [.factor [.immutable [.constant [.True ] ] ] ] ] ]
	] ]
	[.; ]
] ] ] ]