\Tree [.statement
	[.=
		[.num ]
		[.10 ]
	]
	[.; ]
]