\Tree [.program [.nextLine [.nextLinePrime [.statement
	[.outputStatement [.outFunction
		[.print ]
		[.( ]
		[.str ]
		[.) ]
	] ]
	[.; ]
] ] ] ]