('statement', ('assignmentExpression', '=', 'number', 0), ('forStatement', ('forExpression', ('assignmentExpression', '=', 'i', 0), ('forExpression', ('relationExpression', '<', 'i', 10), ('assignmentExpression', 'i', '=', ('iterationExpression', '+', 'i', 1)))), ('assignmentExpression', '=', 'number', ('sumExpression', '+', 'number', 'i'))))