('statement', ('assignmentExpression', '=', 'num1', 10), ('statement', ('assignmentExpression', '=', 'num2', 5), ('statement', ('assignmentExpression', '=', 'num1', ('sumExpression', '+', 'num1', 'num2')), ('ifStatement', ('relationExpression', '>', 'num1', 14), ('assignmentExpression', '=', 'num2', ('sumExpression', '+', ('multiplyExpression', '/', 10, 2), 1)), ('assignmentExpression', '=', 'num2', ('sumExpression', '+', ('multiplyExpression', '*', 2, 3), 4))))))