\Tree [.program [.nextLine [.nextLinePrime [.statement
	[.inputStatement [.inStream
		[.in ]
		[.>> ]
		[.str ]
	] ]
	[.; ]
] ] ] ]