\Tree [.program [.nextLine [.nextLinePrime [.statement
	[.expression [.assignmentExpression
		[.variableDeclaration
			[.Number ]
			[.num ]
		]
		[.= ]
		[.sumExpression [.multiplyExpression [.factor [.mutable [.10 ] ] ] ] ]
	] ]
	[.; ]
] ] ] ]