\Tree [.program [.nextLine [.nextLinePrime [.statement
	[.expression [.assignmentExpression
		[.variableDeclaration
			[.String ]
			[.str3 ]
		]
		[.= ]
		[.sumExpression
			[.multiplyExpression [.factor [.mutable [.str1 ] ] ] ]
			[.sumExpressionPrime
				[.sumOperator [.+ ] ]
				[.multiplyExpression [.factor [.mutable [.str2 ] ] ] ]
			]
		]
	] ]
	[.; ]
] ] ] ]