\Tree [.program [.nextLine [.nextLinePrime [.statement [.iterationStatement
	[.while ]
	[.( ]
	[.relationExpression
		[.sumExpression [.multiplyExpression [.factor [.mutable [.bool ] ] ] ] ]
		[.relationExpressionPrime
			[.relationOperator [.== ] ]
			[.sumExpression [.multiplyExpression [.factor [.immutable [.constant [.True ] ] ] ] ] ]
		]
	]
	[.) ]
	[.statementBody
		[.{ ]
		[.} ]
	]
] ] ] ] ]